<html>

  <head>
    <title>Sample page</title>
    <link rel="icon" href="some_icon.png">
    <meta property="og:image" content="http://www.example.com/example.jpg">
    <meta name="apple-mobile-web-app-title" content="Default App">
    <link rel="icon" type="image/png" href="/favicon-48x48.png" sizes="48x48">
    <link rel="icon" type="image/svg+xml" href="/favicon.svg">
    <link rel="shortcut icon" href="/favicon.ico">
    <link rel="apple-touch-icon" sizes="180x180" href="/apple-touch-icon.png">
    <link rel="manifest" href="/site.webmanifest">
  </head>

  <body>
    <h1>Page 1</h1>
    <p>Some content here</p>


  </body>

</html>